Testing Export Excel...
SUCCESS
{
  "rows": [
    [
      "Turma",
      "Dia",
      "In├¡cio",
      "Fim",
      "Mat├®ria",
      "Professor"
    ],
    [
      "Turma 1",
      "Segunda",
      "08:00",
      "09:00",
      "Matem├ítica",
      "Prof 1"
    ]
  ],
  "log": [
    "Checking key: TURMA1-Segunda-0",
    "Parsed: slotIdx=0, dayName=Segunda",
    "Row added"
  ]
}

Testing Export PDF...
SUCCESS
{
  "body": [
    [
      "08:00 - 09:00",
      "Matem├ítica\n(Prof 1)",
      "",
      "",
      "",
      ""
    ],
    [
      "09:00 - 10:00",
      "",
      "",
      "",
      "",
      ""
    ]
  ],
  "log": [
    "Slot slot1 -> absoluteIndex 0",
    "Looking up: TURMA1-Segunda-0",
    "Looking up: TURMA1-Ter├ºa-0",
    "Looking up: TURMA1-Quarta-0",
    "Looking up: TURMA1-Quinta-0",
    "Looking up: TURMA1-Sexta-0",
    "Slot slot2 -> absoluteIndex 1",
    "Looking up: TURMA1-Segunda-1",
    "Looking up: TURMA1-Ter├ºa-1",
    "Looking up: TURMA1-Quarta-1",
    "Looking up: TURMA1-Quinta-1",
    "Looking up: TURMA1-Sexta-1"
  ]
}
